<html>
<body>
<pre>
<h1>µVision Build Log</h1>
<h2>Project:</h2>
C:\Users\an3an\Desktop\nikhil mca\nikhilQ2.uvproj
Project File Date:  12/30/2021

<h2>Output:</h2>
Rebuild target 'Target 1'
assembling Startup.s...
compiling nikihlQ2.c...
nikihlQ2.c(31): warning:  #1-D: last line of file ends without a newline
  }
nikihlQ2.c: 1 warning, 0 errors
linking...
Program Size: Code=772 RO-data=56 RW-data=0 ZI-data=1256  
FromELF: creating hex file...
".\nikhilQ2.axf" - 0 Error(s), 1 Warning(s).
</pre>
</body>
</html>
ikihlQ2.c(31): warning:  #1-D: last line of file ends without a newline
  }
nikihlQ2.c: 1 warning, 0 errors
"nikihlQ2.c" - 0 Error(s), 1 Warning(s).
