<html>
<body>
<pre>
<h1>µVision Build Log</h1>
<h2>Project:</h2>
C:\Users\an3an\Desktop\nikhil mca\nikhilQ1\nikhilQ1.uvproj
Project File Date:  12/30/2021

<h2>Output:</h2>
Rebuild target 'Target 1'
assembling Startup.s...
compiling nikhilQ1.c...
nikhilQ1.c(3): warning:  #1295-D: Deprecated declaration pll - give arg types
  void pll();
nikhilQ1.c(48): warning:  #1-D: last line of file ends without a newline
  }
nikhilQ1.c: 2 warnings, 0 errors
linking...
Program Size: Code=748 RO-data=16 RW-data=0 ZI-data=1256  
FromELF: creating hex file...
".\nikhilQ1.axf" - 0 Error(s), 2 Warning(s).
</pre>
</body>
</html>
: Deprecated declaration pll - give arg types
  void pll();
nikhilQ1.c(48): warning:  #1-D: last line of file ends without a newline
  }
nikhilQ1.c: 2 warnings, 0 errors
"nikhilQ1.c" - 0 Error(s), 2 Warning(s).
